<?xml version="1.0" encoding="utf-8"?><testsuites name="pytest tests"><testsuite name="pytest" errors="0" failures="0" skipped="1" tests="416" time="16.055" timestamp="2026-03-25T15:55:32.568604+05:30" hostname="DELITE_PAINTS"><testcase classname="" name="tests.test_core_advanced" time="0.000"><skipped message="collection skipped">('D:\\idm vs\\tests\\test_core_advanced.py', 18, 'Skipped: Advanced dependencies missing')</skipped></testcase><testcase classname="tests.test_assembler.TestFileAssembler" name="test_single_chunk" time="0.022" /><testcase classname="tests.test_assembler.TestFileAssembler" name="test_multiple_chunks_order" time="0.022" /><testcase classname="tests.test_assembler.TestFileAssembler" name="test_reverse_order_still_correct" time="0.016" /><testcase classname="tests.test_assembler.TestFileAssembler" name="test_no_chunks" time="0.004" /><testcase classname="tests.test_assembler.TestFileAssembler" name="test_missing_temp_file" time="0.005" /><testcase classname="tests.test_assembler.TestFileAssembler" name="test_conflict_resolution" time="0.015" /><testcase classname="tests.test_assembler.TestFileAssembler" name="test_double_conflict_resolution" time="0.012" /><testcase classname="tests.test_assembler.TestFileAssembler" name="test_creates_parent_dirs" time="0.011" /><testcase classname="tests.test_assembler.TestFileAssembler" name="test_progress_callback" time="0.020" /><testcase classname="tests.test_assembler.TestFileAssembler" name="test_cancellation" time="0.005" /><testcase classname="tests.test_assembler.TestFileAssembler" name="test_large_file_assembly" time="0.089" /><testcase classname="tests.test_assembler.TestHashVerifier" name="test_compute_hash" time="0.009" /><testcase classname="tests.test_assembler.TestHashVerifier" name="test_verify_correct_hash" time="0.019" /><testcase classname="tests.test_assembler.TestHashVerifier" name="test_verify_wrong_hash" time="0.015" /><testcase classname="tests.test_assembler.TestHashVerifier" name="test_verify_case_insensitive" time="0.014" /><testcase classname="tests.test_assembler.TestHashVerifier" name="test_hash_missing_file" time="0.005" /><testcase classname="tests.test_assembler.TestHashVerifier" name="test_hash_empty_file" time="0.008" /><testcase classname="tests.test_assembler.TestHashVerifier" name="test_hash_progress" time="0.019" /><testcase classname="tests.test_assembler.TestHashVerifier" name="test_hash_cancellation" time="0.005" /><testcase classname="tests.test_assembler.TestCleanupTempFiles" name="test_cleanup_deletes_files" time="0.008" /><testcase classname="tests.test_assembler.TestCleanupTempFiles" name="test_cleanup_missing_files" time="0.004" /><testcase classname="tests.test_assembler.TestCleanupTempFiles" name="test_cleanup_removes_directory" time="0.008" /><testcase classname="tests.test_assembler.TestAssembleAndVerify" name="test_full_pipeline_no_hash" time="0.037" /><testcase classname="tests.test_assembler.TestAssembleAndVerify" name="test_full_pipeline_with_hash_match" time="0.038" /><testcase classname="tests.test_assembler.TestAssembleAndVerify" name="test_full_pipeline_hash_mismatch" time="0.027" /><testcase classname="tests.test_assembler.TestAssembleAndVerify" name="test_missing_download" time="0.017" /><testcase classname="tests.test_assembler.TestAssembleAndVerify" name="test_incomplete_chunks_rejected" time="0.019" /><testcase classname="tests.test_concurrency_stress" name="test_queue_processor_respects_max_concurrency_under_load" time="5.034" /><testcase classname="tests.test_downloader.TestSpeedTracker" name="test_initial_speed_is_zero" time="0.001" /><testcase classname="tests.test_downloader.TestSpeedTracker" name="test_single_sample_is_zero" time="0.001" /><testcase classname="tests.test_downloader.TestSpeedTracker" name="test_speed_calculation" time="0.001" /><testcase classname="tests.test_downloader.TestSpeedTracker" name="test_average_speed" time="0.000" /><testcase classname="tests.test_downloader.TestSpeedTracker" name="test_reset" time="0.000" /><testcase classname="tests.test_downloader.TestSpeedTracker" name="test_speed_becomes_zero_when_samples_are_stale" time="0.001" /><testcase classname="tests.test_downloader.TestCalculateChunks" name="test_simple_split" time="0.001" /><testcase classname="tests.test_downloader.TestCalculateChunks" name="test_single_chunk_small_file" time="0.001" /><testcase classname="tests.test_downloader.TestCalculateChunks" name="test_full_coverage" time="0.001" /><testcase classname="tests.test_downloader.TestCalculateChunks" name="test_zero_file_size" time="0.000" /><testcase classname="tests.test_downloader.TestCalculateChunks" name="test_exact_division" time="0.001" /><testcase classname="tests.test_downloader.TestCalculateChunks" name="test_respects_max_chunk_size" time="0.001" /><testcase classname="tests.test_downloader.TestCalculateChunks" name="test_last_chunk_absorbs_remainder" time="0.001" /><testcase classname="tests.test_downloader.TestDynamicChunkCount" name="test_tiny_file" time="0.001" /><testcase classname="tests.test_downloader.TestDynamicChunkCount" name="test_small_file" time="0.000" /><testcase classname="tests.test_downloader.TestDynamicChunkCount" name="test_medium_file" time="0.001" /><testcase classname="tests.test_downloader.TestDynamicChunkCount" name="test_large_file" time="0.001" /><testcase classname="tests.test_downloader.TestDynamicChunkCount" name="test_huge_file" time="0.001" /><testcase classname="tests.test_downloader.TestDynamicChunkCount" name="test_unknown_size" time="0.001" /><testcase classname="tests.test_downloader.TestParallelChunkThreshold" name="test_small_file_uses_single_chunk" time="0.001" /><testcase classname="tests.test_downloader.TestParallelChunkThreshold" name="test_large_file_uses_parallel_chunks" time="0.001" /><testcase classname="tests.test_downloader.TestParallelChunkThreshold" name="test_non_resumable_forces_single_chunk" time="0.001" /><testcase classname="tests.test_downloader.TestNullCallbacks" name="test_all_methods" time="0.001" /><testcase classname="tests.test_downloader.TestDownloadEngine" name="test_engine_start_stop" time="0.021" /><testcase classname="tests.test_downloader.TestDownloadEngine" name="test_add_download" time="0.021" /><testcase classname="tests.test_downloader.TestDownloadEngine" name="test_max_concurrent" time="0.020" /><testcase classname="tests.test_downloader.TestDownloadEngine" name="test_cancel_nonexistent" time="0.020" /><testcase classname="tests.test_downloader.TestDownloadEngine" name="test_get_speeds_empty" time="0.020" /><testcase classname="tests.test_downloader.TestDownloadEngine" name="test_retry_failed_download" time="0.022" /><testcase classname="tests.test_downloader.TestDownloadEngine" name="test_resume_paused_requeues" time="0.020" /><testcase classname="tests.test_downloader.TestDownloadEngine" name="test_recover_interrupted_downloads_requeues_active_statuses" time="0.021" /><testcase classname="tests.test_downloader.TestDownloadEngine" name="test_stop_soft_cancels_as_paused" time="0.021" /><testcase classname="tests.test_extension_edge_cases" name="test_manifest_has_localhost_bridge_permissions" time="0.001" /><testcase classname="tests.test_extension_edge_cases" name="test_service_worker_queue_limits_and_retry_alarm_defined" time="0.001" /><testcase classname="tests.test_extension_edge_cases" name="test_service_worker_cookie_allowlist_supports_wildcard_and_subdomains" time="0.001" /><testcase classname="tests.test_extension_edge_cases" name="test_popup_has_timeout_wrapped_runtime_messages" time="0.001" /><testcase classname="tests.test_main.TestDeepMerge" name="test_simple_merge" time="0.001" /><testcase classname="tests.test_main.TestDeepMerge" name="test_nested_merge" time="0.001" /><testcase classname="tests.test_main.TestDeepMerge" name="test_does_not_mutate_inputs" time="0.001" /><testcase classname="tests.test_main.TestDeepMerge" name="test_empty_override" time="0.001" /><testcase classname="tests.test_main.TestDeepMerge" name="test_empty_base" time="0.001" /><testcase classname="tests.test_main.TestDeepMerge" name="test_override_replaces_non_dict_with_dict" time="0.001" /><testcase classname="tests.test_main.TestDefaultConfig" name="test_has_required_sections" time="0.001" /><testcase classname="tests.test_main.TestDefaultConfig" name="test_default_download_chunks" time="0.001" /><testcase classname="tests.test_main.TestDefaultConfig" name="test_default_max_concurrent" time="0.001" /><testcase classname="tests.test_main.TestDefaultConfig" name="test_default_theme_is_dark" time="0.001" /><testcase classname="tests.test_main.TestDefaultConfig" name="test_server_port" time="0.001" /><testcase classname="tests.test_main.TestConfigIO" name="test_save_and_load_roundtrip" time="0.041" /><testcase classname="tests.test_main.TestConfigIO" name="test_load_missing_file_creates_default" time="0.005" /><testcase classname="tests.test_main.TestConfigIO" name="test_load_corrupt_file_returns_default" time="0.005" /><testcase classname="tests.test_main.TestConfigIO" name="test_forward_compatibility" time="0.006" /><testcase classname="tests.test_main.TestThemeStylesheet" name="test_dark_theme_returns_string" time="0.001" /><testcase classname="tests.test_main.TestThemeStylesheet" name="test_light_theme_returns_string" time="0.000" /><testcase classname="tests.test_main.TestThemeStylesheet" name="test_unknown_theme_defaults_to_dark" time="0.000" /><testcase classname="tests.test_main.TestBatchedConfigSaver" name="test_schedule_coalesces_to_latest_snapshot" time="0.058" /><testcase classname="tests.test_main.TestBatchedConfigSaver" name="test_flush_writes_immediately_without_waiting_timer" time="0.210" /><testcase classname="tests.test_network.TestTokenBucketRateLimiter" name="test_unlimited_limiter" time="0.001" /><testcase classname="tests.test_network.TestTokenBucketRateLimiter" name="test_limited_limiter" time="0.001" /><testcase classname="tests.test_network.TestTokenBucketRateLimiter" name="test_acquire_unlimited" time="0.003" /><testcase classname="tests.test_network.TestTokenBucketRateLimiter" name="test_acquire_within_burst" time="0.004" /><testcase classname="tests.test_network.TestTokenBucketRateLimiter" name="test_acquire_throttles" time="0.492" /><testcase classname="tests.test_network.TestTokenBucketRateLimiter" name="test_set_rate" time="0.001" /><testcase classname="tests.test_network.TestTokenBucketRateLimiter" name="test_set_rate_to_unlimited" time="0.000" /><testcase classname="tests.test_network.TestTokenBucketRateLimiter" name="test_peek_available" time="0.000" /><testcase classname="tests.test_network.TestTokenBucketRateLimiter" name="test_acquire_partial" time="0.003" /><testcase classname="tests.test_network.TestProxyConfig" name="test_disabled_proxy_url" time="0.001" /><testcase classname="tests.test_network.TestProxyConfig" name="test_http_proxy_url" time="0.000" /><testcase classname="tests.test_network.TestProxyConfig" name="test_proxy_url_with_auth" time="0.000" /><testcase classname="tests.test_network.TestProxyConfig" name="test_proxy_url_with_username_only" time="0.001" /><testcase classname="tests.test_network.TestProxyConfig" name="test_socks5_proxy" time="0.001" /><testcase classname="tests.test_network.TestProxyConfig" name="test_http_proxy_not_socks" time="0.001" /><testcase classname="tests.test_network.TestProxyConfig" name="test_missing_host_or_port" time="0.001" /><testcase classname="tests.test_network.TestProxyConfig" name="test_from_config" time="0.001" /><testcase classname="tests.test_network.TestSSLConfig" name="test_ssl_verification_enabled" time="0.247" /><testcase classname="tests.test_network.TestSSLConfig" name="test_ssl_verification_disabled" time="0.001" /><testcase classname="tests.test_network.TestRetryPolicy" name="test_first_delay_is_base" time="0.000" /><testcase classname="tests.test_network.TestRetryPolicy" name="test_delays_increase" time="0.001" /><testcase classname="tests.test_network.TestRetryPolicy" name="test_delay_capped_at_max" time="0.001" /><testcase classname="tests.test_network.TestRetryPolicy" name="test_should_retry_within_max" time="0.001" /><testcase classname="tests.test_network.TestRetryPolicy" name="test_should_not_retry_cancelled" time="0.000" /><testcase classname="tests.test_network.TestRetryPolicy" name="test_should_retry_timeout" time="0.000" /><testcase classname="tests.test_network.TestRetryPolicy" name="test_should_retry_os_error" time="0.001" /><testcase classname="tests.test_network.TestRetryPolicy" name="test_should_not_retry_value_error" time="0.001" /><testcase classname="tests.test_network.TestRetryPolicy" name="test_retryable_status_codes" time="0.001" /><testcase classname="tests.test_network.TestRetryPolicy" name="test_non_retryable_status_codes" time="0.001" /><testcase classname="tests.test_network.TestRetryPolicy" name="test_from_config" time="0.000" /><testcase classname="tests.test_network.TestFilenameExtraction" name="test_simple_url" time="0.001" /><testcase classname="tests.test_network.TestFilenameExtraction" name="test_url_with_query" time="0.001" /><testcase classname="tests.test_network.TestFilenameExtraction" name="test_url_encoded" time="0.001" /><testcase classname="tests.test_network.TestFilenameExtraction" name="test_url_no_filename" time="0.001" /><testcase classname="tests.test_network.TestFilenameExtraction" name="test_url_bare_domain" time="0.000" /><testcase classname="tests.test_network.TestFilenameExtraction" name="test_url_with_fragment" time="0.001" /><testcase classname="tests.test_network.TestContentDisposition" name="test_quoted_filename" time="0.001" /><testcase classname="tests.test_network.TestContentDisposition" name="test_unquoted_filename" time="0.001" /><testcase classname="tests.test_network.TestContentDisposition" name="test_rfc5987_encoded" time="0.001" /><testcase classname="tests.test_network.TestContentDisposition" name="test_no_filename" time="0.001" /><testcase classname="tests.test_network.TestContentDisposition" name="test_empty_header" time="0.001" /><testcase classname="tests.test_network.TestContentDisposition" name="test_filename_with_spaces" time="0.001" /><testcase classname="tests.test_network.TestFilenameSplit" name="test_simple_extension" time="0.001" /><testcase classname="tests.test_network.TestFilenameSplit" name="test_compound_extension" time="0.000" /><testcase classname="tests.test_network.TestFilenameSplit" name="test_no_extension" time="0.001" /><testcase classname="tests.test_network.TestFilenameSplit" name="test_tar_bz2" time="0.001" /><testcase classname="tests.test_network.TestFormatSpeed" name="test_zero" time="0.001" /><testcase classname="tests.test_network.TestFormatSpeed" name="test_bytes" time="0.001" /><testcase classname="tests.test_network.TestFormatSpeed" name="test_kilobytes" time="0.001" /><testcase classname="tests.test_network.TestFormatSpeed" name="test_megabytes" time="0.000" /><testcase classname="tests.test_network.TestFormatSpeed" name="test_gigabytes" time="0.001" /><testcase classname="tests.test_network.TestFormatSpeed" name="test_negative" time="0.001" /><testcase classname="tests.test_network.TestFormatSize" name="test_unknown" time="0.001" /><testcase classname="tests.test_network.TestFormatSize" name="test_zero" time="0.000" /><testcase classname="tests.test_network.TestFormatSize" name="test_bytes" time="0.000" /><testcase classname="tests.test_network.TestFormatSize" name="test_kilobytes" time="0.000" /><testcase classname="tests.test_network.TestFormatSize" name="test_megabytes" time="0.001" /><testcase classname="tests.test_network.TestFormatSize" name="test_gigabytes" time="0.001" /><testcase classname="tests.test_network.TestFormatETA" name="test_zero" time="0.001" /><testcase classname="tests.test_network.TestFormatETA" name="test_seconds" time="0.000" /><testcase classname="tests.test_network.TestFormatETA" name="test_minutes" time="0.001" /><testcase classname="tests.test_network.TestFormatETA" name="test_hours" time="0.001" /><testcase classname="tests.test_network.TestFormatETA" name="test_days" time="0.001" /><testcase classname="tests.test_network.TestFormatETA" name="test_infinity" time="0.001" /><testcase classname="tests.test_network.TestFormatETA" name="test_nan" time="0.000" /><testcase classname="tests.test_network.TestFormatETA" name="test_negative" time="0.000" /><testcase classname="tests.test_network.TestCalculateETA" name="test_normal" time="0.000" /><testcase classname="tests.test_network.TestCalculateETA" name="test_zero_speed" time="0.001" /><testcase classname="tests.test_network.TestCalculateETA" name="test_zero_remaining" time="0.001" /><testcase classname="tests.test_network.TestNetworkManager" name="test_creation" time="0.246" /><testcase classname="tests.test_network.TestNetworkManager" name="test_initialize_and_close" time="0.245" /><testcase classname="tests.test_network.TestNetworkManager" name="test_session_raises_when_not_initialized" time="0.246" /><testcase classname="tests.test_network.TestNetworkManager" name="test_set_global_rate" time="0.245" /><testcase classname="tests.test_network.TestNetworkManager" name="test_create_download_limiter" time="0.245" /><testcase classname="tests.test_network.TestNetworkManager" name="test_remove_download_limiter" time="0.248" /><testcase classname="tests.test_network.TestNetworkManager" name="test_proxy_url_none_when_disabled" time="0.252" /><testcase classname="tests.test_network.TestNetworkManager" name="test_throttle_unlimited" time="0.244" /><testcase classname="tests.test_network.TestNetworkManager" name="test_build_chunk_headers" time="0.249" /><testcase classname="tests.test_network.TestNetworkManager" name="test_parse_preflight_accept_ranges_with_extra_tokens" time="0.241" /><testcase classname="tests.test_network.TestNetworkManager" name="test_connection_stats" time="0.242" /><testcase classname="tests.test_network.TestNetworkManager" name="test_retry_policy_from_config" time="0.241" /><testcase classname="tests.test_network.TestNetworkManager" name="test_double_initialize" time="0.242" /><testcase classname="tests.test_network.TestNetworkManager" name="test_update_user_agent" time="0.242" /><testcase classname="tests.test_network.TestPreflightResult" name="test_default_values" time="0.001" /><testcase classname="tests.test_phase4_robustness.TestErrorClassification" name="test_classify_dns_resolution_error" time="0.000" /><testcase classname="tests.test_phase4_robustness.TestErrorClassification" name="test_classify_tls_certificate_error" time="0.000" /><testcase classname="tests.test_phase4_robustness.TestErrorClassification" name="test_classify_connection_timeout_error" time="0.001" /><testcase classname="tests.test_phase4_robustness.TestErrorClassification" name="test_classify_socket_error" time="0.001" /><testcase classname="tests.test_phase4_robustness.TestErrorClassification" name="test_classify_proxy_error" time="0.000" /><testcase classname="tests.test_phase4_robustness.TestErrorClassification" name="test_classify_timeout_error" time="0.001" /><testcase classname="tests.test_phase4_robustness.TestErrorClassification" name="test_classify_cancelled_error" time="0.000" /><testcase classname="tests.test_phase4_robustness.TestErrorClassification" name="test_classify_unknown_error" time="0.001" /><testcase classname="tests.test_phase4_robustness.TestRetryPolicyEnhancements" name="test_classify_http_status_416_range_not_supported" time="0.001" /><testcase classname="tests.test_phase4_robustness.TestRetryPolicyEnhancements" name="test_classify_http_status_429_rate_limited" time="0.001" /><testcase classname="tests.test_phase4_robustness.TestRetryPolicyEnhancements" name="test_classify_http_status_5xx_server_error" time="0.000" /><testcase classname="tests.test_phase4_robustness.TestRetryPolicyEnhancements" name="test_classify_http_status_4xx_client_error" time="0.000" /><testcase classname="tests.test_phase4_robustness.TestRetryPolicyEnhancements" name="test_get_retry_delay_with_normal_error" time="0.000" /><testcase classname="tests.test_phase4_robustness.TestRetryPolicyEnhancements" name="test_get_retry_delay_none_for_non_retryable" time="0.001" /><testcase classname="tests.test_phase4_robustness.TestRetryPolicyEnhancements" name="test_get_retry_delay_increased_for_rate_limited" time="0.001" /><testcase classname="tests.test_phase4_robustness.TestRetryPolicyEnhancements" name="test_range_not_supported_returns_none" time="0.001" /><testcase classname="tests.test_phase4_robustness.TestConnectionLimits" name="test_pool_limit_constants_defined" time="0.001" /><testcase classname="tests.test_phase4_robustness.TestConnectionLimits" name="test_pool_limits_in_tcp_connector_config" time="0.000" /><testcase classname="tests.test_phase4_robustness.TestRangeNotSupportedFallback" name="test_range_not_supported_error_exists" time="0.001" /><testcase classname="tests.test_phase4_robustness.TestRangeNotSupportedFallback" name="test_range_not_supported_is_catchable" time="0.001" /><testcase classname="tests.test_phase4_robustness.TestRangeNotSupportedFallback" name="test_range_not_supported_triggers_fallback_logic" time="0.002" /><testcase classname="tests.test_phase4_robustness.TestRetryBehaviorWithErrorClassification" name="test_dns_error_is_retryable" time="0.001" /><testcase classname="tests.test_phase4_robustness.TestRetryBehaviorWithErrorClassification" name="test_tls_error_is_retryable" time="0.001" /><testcase classname="tests.test_phase4_robustness.TestRetryBehaviorWithErrorClassification" name="test_cancelled_error_never_retried" time="0.001" /><testcase classname="tests.test_phase4_robustness.TestRetryBehaviorWithErrorClassification" name="test_max_retries_exceeded" time="0.001" /><testcase classname="tests.test_phase4_robustness.TestAdaptiveChunkingLogic" name="test_dynamic_chunk_count_small_file" time="0.000" /><testcase classname="tests.test_phase4_robustness.TestAdaptiveChunkingLogic" name="test_dynamic_chunk_count_medium_file" time="0.000" /><testcase classname="tests.test_phase4_robustness.TestAdaptiveChunkingLogic" name="test_dynamic_chunk_count_large_file" time="0.001" /><testcase classname="tests.test_phase4_robustness.TestAdaptiveChunkingLogic" name="test_dynamic_chunk_count_very_large_file" time="0.001" /><testcase classname="tests.test_phase4_robustness.TestAdaptiveChunkingLogic" name="test_dynamic_chunk_count_huge_file" time="0.001" /><testcase classname="tests.test_phase4_robustness.TestRetryDelayCalculation" name="test_first_attempt_uses_base_delay" time="0.001" /><testcase classname="tests.test_phase4_robustness.TestRetryDelayCalculation" name="test_subsequent_attempts_increase_delay" time="0.000" /><testcase classname="tests.test_phase4_robustness.TestRetryDelayCalculation" name="test_delay_capped_at_max" time="0.000" /><testcase classname="tests.test_phase4_robustness.TestRetryDelayCalculation" name="test_decorrelated_jitter_randomness" time="0.001" /><testcase classname="tests.test_phase4_robustness" name="test_phase4_constants_available" time="0.001" /><testcase classname="tests.test_server.TestHealthEndpoint" name="test_health" time="0.107" /><testcase classname="tests.test_server.TestHealthEndpoint" name="test_health_shows_auth_required_when_enabled" time="0.032" /><testcase classname="tests.test_server.TestAddEndpoint" name="test_add_download" time="0.034" /><testcase classname="tests.test_server.TestAddEndpoint" name="test_add_minimal" time="0.034" /><testcase classname="tests.test_server.TestAddEndpoint" name="test_add_rejects_unsupported_scheme" time="0.033" /><testcase classname="tests.test_server.TestStatusEndpoint" name="test_status_found" time="0.034" /><testcase classname="tests.test_server.TestStatusEndpoint" name="test_status_not_found" time="0.036" /><testcase classname="tests.test_server.TestListEndpoint" name="test_list_downloads" time="0.033" /><testcase classname="tests.test_server.TestPauseResumeCancel" name="test_pause" time="0.035" /><testcase classname="tests.test_server.TestPauseResumeCancel" name="test_resume" time="0.032" /><testcase classname="tests.test_server.TestPauseResumeCancel" name="test_cancel" time="0.035" /><testcase classname="tests.test_server.TestConfigEndpoint" name="test_config" time="0.033" /><testcase classname="tests.test_server.TestAuthMiddleware" name="test_no_token_rejected" time="0.032" /><testcase classname="tests.test_server.TestAuthMiddleware" name="test_wrong_token_rejected" time="0.030" /><testcase classname="tests.test_server.TestAuthMiddleware" name="test_correct_token_accepted" time="0.033" /><testcase classname="tests.test_server.TestAuthMiddleware" name="test_health_bypasses_auth" time="0.032" /><testcase classname="tests.test_server.TestDebugEndpoints" name="test_rate_limit_debug_endpoint" time="0.040" /><testcase classname="tests.test_server.TestDebugEndpoints" name="test_network_debug_endpoint" time="0.037" /><testcase classname="tests.test_server.TestDebugEndpoints" name="test_logging_debug_endpoint" time="0.033" /><testcase classname="tests.test_server.TestDebugEndpoints" name="test_set_logging_level_endpoint" time="0.033" /><testcase classname="tests.test_server.TestRateLimiter" name="test_rate_limit_blocks_burst" time="0.033" /><testcase classname="tests.test_server.TestConnectionManager" name="test_initial_state" time="0.000" /><testcase classname="tests.test_server.TestConnectionManager" name="test_broadcast_no_connections" time="0.002" /><testcase classname="tests.test_server.TestConnectionManager" name="test_broadcast_progress_rate_limited" time="0.002" /><testcase classname="tests.test_server.TestConnectionManager" name="test_broadcast_complete_cleans_tracker" time="0.002" /><testcase classname="tests.test_server.TestWebSocketCallbacks" name="test_callbacks_instantiation" time="0.001" /><testcase classname="tests.test_storage.TestDatabaseLifecycle" name="test_initialize_creates_db_file" time="0.018" /><testcase classname="tests.test_storage.TestDatabaseLifecycle" name="test_double_initialize_is_safe" time="0.026" /><testcase classname="tests.test_storage.TestDatabaseLifecycle" name="test_operations_fail_when_closed" time="0.005" /><testcase classname="tests.test_storage.TestDatabaseLifecycle" name="test_integrity_check" time="0.019" /><testcase classname="tests.test_storage.TestDatabaseLifecycle" name="test_get_db_size" time="0.020" /><testcase classname="tests.test_storage.TestDownloadCRUD" name="test_add_download_returns_uuid" time="0.020" /><testcase classname="tests.test_storage.TestDownloadCRUD" name="test_get_download" time="0.019" /><testcase classname="tests.test_storage.TestDownloadCRUD" name="test_get_download_not_found" time="0.018" /><testcase classname="tests.test_storage.TestDownloadCRUD" name="test_get_all_downloads" time="0.022" /><testcase classname="tests.test_storage.TestDownloadCRUD" name="test_filter_by_status" time="0.021" /><testcase classname="tests.test_storage.TestDownloadCRUD" name="test_filter_by_category" time="0.020" /><testcase classname="tests.test_storage.TestDownloadCRUD" name="test_filter_by_priority" time="0.021" /><testcase classname="tests.test_storage.TestDownloadCRUD" name="test_search_query" time="0.020" /><testcase classname="tests.test_storage.TestDownloadCRUD" name="test_pagination" time="0.019" /><testcase classname="tests.test_storage.TestDownloadCRUD" name="test_delete_download" time="0.020" /><testcase classname="tests.test_storage.TestDownloadCRUD" name="test_delete_nonexistent" time="0.018" /><testcase classname="tests.test_storage.TestDownloadCRUD" name="test_delete_completed_downloads" time="0.023" /><testcase classname="tests.test_storage.TestDownloadCRUD" name="test_download_count" time="0.021" /><testcase classname="tests.test_storage.TestDownloadStatusProgress" name="test_update_status" time="0.020" /><testcase classname="tests.test_storage.TestDownloadStatusProgress" name="test_completed_sets_date" time="0.019" /><testcase classname="tests.test_storage.TestDownloadStatusProgress" name="test_failed_increments_retry" time="0.021" /><testcase classname="tests.test_storage.TestDownloadStatusProgress" name="test_update_progress" time="0.020" /><testcase classname="tests.test_storage.TestDownloadStatusProgress" name="test_update_arbitrary_fields" time="0.019" /><testcase classname="tests.test_storage.TestDownloadStatusProgress" name="test_update_invalid_field_raises" time="0.019" /><testcase classname="tests.test_storage.TestDownloadStatusProgress" name="test_update_no_fields_raises" time="0.017" /><testcase classname="tests.test_storage.TestDownloadRecordProperties" name="test_progress_percent_normal" time="0.001" /><testcase classname="tests.test_storage.TestDownloadRecordProperties" name="test_progress_percent_unknown_size" time="0.001" /><testcase classname="tests.test_storage.TestDownloadRecordProperties" name="test_progress_percent_complete" time="0.001" /><testcase classname="tests.test_storage.TestDownloadRecordProperties" name="test_is_active" time="0.001" /><testcase classname="tests.test_storage.TestDownloadRecordProperties" name="test_is_resumable" time="0.001" /><testcase classname="tests.test_storage.TestQueueManagement" name="test_queued_downloads_ordered_by_priority" time="0.023" /><testcase classname="tests.test_storage.TestQueueManagement" name="test_active_downloads" time="0.020" /><testcase classname="tests.test_storage.TestChunkManagement" name="test_add_and_get_chunks" time="0.019" /><testcase classname="tests.test_storage.TestChunkManagement" name="test_chunk_progress_update" time="0.021" /><testcase classname="tests.test_storage.TestChunkManagement" name="test_chunk_status_update" time="0.019" /><testcase classname="tests.test_storage.TestChunkManagement" name="test_get_incomplete_chunks" time="0.021" /><testcase classname="tests.test_storage.TestChunkManagement" name="test_chunk_record_properties" time="0.002" /><testcase classname="tests.test_storage.TestChunkManagement" name="test_re_chunking_replaces_old_chunks" time="0.021" /><testcase classname="tests.test_storage.TestSpeedHistory" name="test_add_and_get_speed_samples" time="0.020" /><testcase classname="tests.test_storage.TestSpeedHistory" name="test_speed_history_limit" time="0.026" /><testcase classname="tests.test_storage.TestDailyStats" name="test_update_and_get_daily_stats" time="0.019" /><testcase classname="tests.test_storage.TestDailyStats" name="test_daily_stats_accumulate" time="0.023" /><testcase classname="tests.test_storage.TestDailyStats" name="test_total_statistics" time="0.019" /><testcase classname="tests.test_storage.TestHistorySearch" name="test_search_history" time="0.020" /><testcase classname="tests.test_storage.TestHistorySearch" name="test_search_empty_query" time="0.022" /><testcase classname="tests.test_storage.TestHistorySearch" name="test_category_summary" time="0.020" /><testcase classname="tests.test_storage.TestMaintenance" name="test_vacuum" time="0.020" /><testcase classname="tests.test_storage.TestMaintenance" name="test_cascade_delete" time="0.022" /><testcase classname="tests.test_torrent" name="test_start_raises_when_libtorrent_missing" time="0.002" /><testcase classname="tests.test_torrent" name="test_add_magnet_initializes_session_and_returns_hash" time="0.005" /><testcase classname="tests.test_torrent" name="test_get_status_none_for_unknown_torrent" time="0.002" /><testcase classname="tests.test_torrent" name="test_remove_ignores_when_session_not_running" time="0.003" /><testcase classname="tests.test_ui.TestColumns" name="test_column_count" time="0.001" /><testcase classname="tests.test_ui.TestColumns" name="test_column_names" time="0.001" /><testcase classname="tests.test_ui.TestDownloadTableModel" name="test_empty_model" time="0.026" /><testcase classname="tests.test_ui.TestDownloadTableModel" name="test_set_downloads" time="0.001" /><testcase classname="tests.test_ui.TestDownloadTableModel" name="test_header_data" time="0.001" /><testcase classname="tests.test_ui.TestDownloadTableModel" name="test_display_data_filename" time="0.001" /><testcase classname="tests.test_ui.TestDownloadTableModel" name="test_display_data_size" time="0.001" /><testcase classname="tests.test_ui.TestDownloadTableModel" name="test_display_data_status" time="0.001" /><testcase classname="tests.test_ui.TestDownloadTableModel" name="test_progress_role" time="0.001" /><testcase classname="tests.test_ui.TestDownloadTableModel" name="test_status_color" time="0.001" /><testcase classname="tests.test_ui.TestDownloadTableModel" name="test_add_download" time="0.001" /><testcase classname="tests.test_ui.TestDownloadTableModel" name="test_update_download" time="0.001" /><testcase classname="tests.test_ui.TestDownloadTableModel" name="test_update_progress" time="0.001" /><testcase classname="tests.test_ui.TestDownloadTableModel" name="test_update_status" time="0.001" /><testcase classname="tests.test_ui.TestDownloadTableModel" name="test_remove_download" time="0.001" /><testcase classname="tests.test_ui.TestDownloadTableModel" name="test_remove_nonexistent" time="0.001" /><testcase classname="tests.test_ui.TestDownloadTableModel" name="test_get_download_id_out_of_range" time="0.001" /><testcase classname="tests.test_ui.TestDownloadTableModel" name="test_user_role_returns_full_dict" time="0.001" /><testcase classname="tests.test_ui.TestDownloadTableModel" name="test_completed_clears_speed" time="0.001" /><testcase classname="tests.test_ui.TestProgressDelegate" name="test_instantiation" time="0.001" /><testcase classname="tests.test_ui.TestTheme" name="test_dark_theme_not_empty" time="0.001" /><testcase classname="tests.test_ui.TestTheme" name="test_contains_main_window" time="0.001" /><testcase classname="tests.test_ui.TestTheme" name="test_contains_colors" time="0.000" /><testcase classname="tests.test_ui.TestTheme" name="test_apply_theme" time="0.001" /><testcase classname="tests.test_ui.TestTheme" name="test_status_colors_defined" time="0.003" /><testcase classname="tests.test_ui_advanced.TestSpeedGraphWidget" name="test_creation" time="0.013" /><testcase classname="tests.test_ui_advanced.TestSpeedGraphWidget" name="test_add_sample" time="0.001" /><testcase classname="tests.test_ui_advanced.TestSpeedGraphWidget" name="test_peak_tracking" time="0.001" /><testcase classname="tests.test_ui_advanced.TestSpeedGraphWidget" name="test_reset" time="0.001" /><testcase classname="tests.test_ui_advanced.TestSpeedGraphWidget" name="test_max_samples" time="0.001" /><testcase classname="tests.test_ui_advanced.TestSpeedGraphWidget" name="test_nice_max_small" time="0.001" /><testcase classname="tests.test_ui_advanced.TestSpeedGraphWidget" name="test_nice_max_zero" time="0.001" /><testcase classname="tests.test_ui_advanced.TestSpeedGraphWidget" name="test_nice_max_large" time="0.001" /><testcase classname="tests.test_ui_advanced.TestSpeedGraphWidget" name="test_minimum_size" time="0.001" /><testcase classname="tests.test_ui_advanced.TestSpeedPanel" name="test_creation" time="0.007" /><testcase classname="tests.test_ui_advanced.TestSpeedPanel" name="test_update_stats" time="0.003" /><testcase classname="tests.test_ui_advanced.TestSpeedPanel" name="test_update_stats_zero" time="0.003" /><testcase classname="tests.test_ui_advanced.TestSettingsDialog" name="test_creation" time="0.886" /><testcase classname="tests.test_ui_advanced.TestSettingsDialog" name="test_tabs_present" time="0.057" /><testcase classname="tests.test_ui_advanced.TestSettingsDialog" name="test_loads_general_values" time="0.056" /><testcase classname="tests.test_ui_advanced.TestSettingsDialog" name="test_loads_network_values" time="0.060" /><testcase classname="tests.test_ui_advanced.TestSettingsDialog" name="test_loads_scheduler_values" time="0.055" /><testcase classname="tests.test_ui_advanced.TestSettingsDialog" name="test_loads_advanced_values" time="0.054" /><testcase classname="tests.test_ui_advanced.TestSettingsDialog" name="test_collect_values" time="0.062" /><testcase classname="tests.test_ui_advanced.TestSettingsDialog" name="test_signal_emitted_on_save" time="0.063" /><testcase classname="tests.test_ui_advanced.TestSettingsDialog" name="test_modify_and_collect" time="0.080" /><testcase classname="tests.test_ui_advanced.TestSettingsDialog" name="test_proxy_values" time="0.063" /><testcase classname="tests.test_ui_advanced.TestSettingsDialog" name="test_scheduler_days_none" time="0.067" /><testcase classname="tests.test_ui_advanced.TestSettingsDialog" name="test_advanced_chunk_size_conversion" time="0.086" /><testcase classname="tests.test_ui_advanced.TestAddDownloadDialogMediaQuality" name="test_media_resolution_populates_quality_choices" time="0.031" /><testcase classname="tests.test_ui_components.TestAddDownloadDialog" name="test_creation" time="0.416" /><testcase classname="tests.test_ui_components.TestAddDownloadDialog" name="test_initial_url" time="0.179" /><testcase classname="tests.test_ui_components.TestAddDownloadDialog" name="test_url_validation_valid" time="0.021" /><testcase classname="tests.test_ui_components.TestAddDownloadDialog" name="test_url_validation_invalid" time="0.022" /><testcase classname="tests.test_ui_components.TestAddDownloadDialog" name="test_url_validation_empty" time="0.025" /><testcase classname="tests.test_ui_components.TestAddDownloadDialog" name="test_auto_filename" time="0.042" /><testcase classname="tests.test_ui_components.TestAddDownloadDialog" name="test_auto_category" time="0.043" /><testcase classname="tests.test_ui_components.TestAddDownloadDialog" name="test_advanced_toggle" time="0.035" /><testcase classname="tests.test_ui_components.TestAddDownloadDialog" name="test_chunk_slider" time="0.027" /><testcase classname="tests.test_ui_components.TestAddDownloadDialog" name="test_signal_emitted" time="0.023" /><testcase classname="tests.test_ui_components.TestAddDownloadDialog" name="test_browse_default_dir" time="0.020" /><testcase classname="tests.test_ui_components.TestAddDownloadDialog" name="test_ftp_url_valid" time="0.022" /><testcase classname="tests.test_ui_components.TestAddDownloadDialog" name="test_magnet_url_valid" time="0.025" /><testcase classname="tests.test_ui_components.TestTrayIcon" name="test_create_pixmap" time="0.002" /><testcase classname="tests.test_ui_components.TestTrayIcon" name="test_create_pixmap_custom_size" time="0.001" /><testcase classname="tests.test_ui_components.TestTrayIcon" name="test_system_tray_creation" time="0.020" /><testcase classname="tests.test_ui_components.TestTrayIcon" name="test_tray_update_status" time="0.017" /><testcase classname="tests.test_ui_components.TestTrayIcon" name="test_tray_update_status_idle" time="0.019" /><testcase classname="tests.test_ui_components.TestTrayIcon" name="test_signals_exist" time="0.016" /><testcase classname="tests.test_ui_components.TestTrayIcon" name="test_notify_methods_dont_raise" time="0.015" /><testcase classname="tests.test_utils.TestCategoriseFile" name="test_video" time="0.001" /><testcase classname="tests.test_utils.TestCategoriseFile" name="test_audio" time="0.001" /><testcase classname="tests.test_utils.TestCategoriseFile" name="test_image" time="0.001" /><testcase classname="tests.test_utils.TestCategoriseFile" name="test_document" time="0.000" /><testcase classname="tests.test_utils.TestCategoriseFile" name="test_software" time="0.000" /><testcase classname="tests.test_utils.TestCategoriseFile" name="test_archive" time="0.001" /><testcase classname="tests.test_utils.TestCategoriseFile" name="test_other" time="0.001" /><testcase classname="tests.test_utils.TestCategoriseFile" name="test_case_insensitive" time="0.001" /><testcase classname="tests.test_utils.TestCategoriseFile" name="test_full_path" time="0.001" /><testcase classname="tests.test_utils.TestCategoriseByMime" name="test_video_mime" time="0.001" /><testcase classname="tests.test_utils.TestCategoriseByMime" name="test_audio_mime" time="0.001" /><testcase classname="tests.test_utils.TestCategoriseByMime" name="test_image_mime" time="0.001" /><testcase classname="tests.test_utils.TestCategoriseByMime" name="test_document_mime" time="0.001" /><testcase classname="tests.test_utils.TestCategoriseByMime" name="test_archive_mime" time="0.000" /><testcase classname="tests.test_utils.TestCategoriseByMime" name="test_with_params" time="0.000" /><testcase classname="tests.test_utils.TestCategoriseByMime" name="test_empty" time="0.000" /><testcase classname="tests.test_utils.TestCategoriseByMime" name="test_unknown" time="0.001" /><testcase classname="tests.test_utils.TestCategoriseCombined" name="test_extension_takes_precedence" time="0.001" /><testcase classname="tests.test_utils.TestCategoriseCombined" name="test_falls_back_to_mime" time="0.001" /><testcase classname="tests.test_utils.TestCategoriseCombined" name="test_both_unknown" time="0.001" /><testcase classname="tests.test_utils.TestCategoryDirectory" name="test_default_directory" time="0.001" /><testcase classname="tests.test_utils.TestCategoryDirectory" name="test_custom_directory" time="0.001" /><testcase classname="tests.test_utils.TestGetAllExtensions" name="test_video" time="0.001" /><testcase classname="tests.test_utils.TestGetAllExtensions" name="test_unknown" time="0.001" /><testcase classname="tests.test_utils.TestGetAllExtensions" name="test_all_categories_defined" time="0.001" /><testcase classname="tests.test_utils.TestScheduleRule" name="test_normal_window_active" time="0.000" /><testcase classname="tests.test_utils.TestScheduleRule" name="test_normal_window_inactive" time="0.000" /><testcase classname="tests.test_utils.TestScheduleRule" name="test_overnight_window" time="0.001" /><testcase classname="tests.test_utils.TestScheduleRule" name="test_weekday_filter" time="0.001" /><testcase classname="tests.test_utils.TestScheduleRule" name="test_disabled_rule" time="0.002" /><testcase classname="tests.test_utils.TestScheduleRule" name="test_from_dict" time="0.001" /><testcase classname="tests.test_utils.TestDownloadScheduler" name="test_disabled_always_allows" time="0.001" /><testcase classname="tests.test_utils.TestDownloadScheduler" name="test_enabled_with_matching_rule" time="0.001" /><testcase classname="tests.test_utils.TestDownloadScheduler" name="test_override_allows" time="0.001" /><testcase classname="tests.test_utils.TestDownloadScheduler" name="test_override_blocks" time="0.000" /><testcase classname="tests.test_utils.TestDownloadScheduler" name="test_clear_override" time="0.001" /><testcase classname="tests.test_utils.TestDownloadScheduler" name="test_add_and_clear_rules" time="0.001" /><testcase classname="tests.test_utils.TestDownloadScheduler" name="test_enable_disable" time="0.001" /><testcase classname="tests.test_utils.TestDownloadScheduler" name="test_time_until_window_rolls_to_next_day" time="0.001" /><testcase classname="tests.test_utils.TestDownloadScheduler" name="test_time_until_window_handles_month_end" time="0.001" /><testcase classname="tests.test_utils.TestDownloadScheduler" name="test_apply_schedule_state_resumes_only_managed_pauses" time="0.004" /><testcase classname="tests.test_utils.TestDownloadScheduler" name="test_stop_resumes_managed_downloads" time="0.003" /><testcase classname="tests.test_utils.TestExtractUrls" name="test_http_url" time="0.001" /><testcase classname="tests.test_utils.TestExtractUrls" name="test_multiple_urls" time="0.001" /><testcase classname="tests.test_utils.TestExtractUrls" name="test_ftp_url" time="0.001" /><testcase classname="tests.test_utils.TestExtractUrls" name="test_magnet_link" time="0.001" /><testcase classname="tests.test_utils.TestExtractUrls" name="test_no_urls" time="0.000" /><testcase classname="tests.test_utils.TestExtractUrls" name="test_empty" time="0.000" /><testcase classname="tests.test_utils.TestExtractUrls" name="test_deduplication" time="0.001" /><testcase classname="tests.test_utils.TestExtractUrls" name="test_strips_trailing_punctuation" time="0.001" /><testcase classname="tests.test_utils.TestIsDownloadableUrl" name="test_downloadable_extension" time="0.001" /><testcase classname="tests.test_utils.TestIsDownloadableUrl" name="test_not_downloadable" time="0.000" /><testcase classname="tests.test_utils.TestIsDownloadableUrl" name="test_magnet_always_downloadable" time="0.000" /><testcase classname="tests.test_utils.TestIsDownloadableUrl" name="test_ftp_always_downloadable" time="0.000" /><testcase classname="tests.test_utils.TestIsDownloadableUrl" name="test_download_pattern_in_url" time="0.001" /><testcase classname="tests.test_utils.TestClipboardMonitor" name="test_creation" time="0.001" /><testcase classname="tests.test_utils.TestClipboardMonitor" name="test_disabled" time="0.001" /><testcase classname="tests.test_utils.TestClipboardMonitor" name="test_clear_history" time="0.001" /><testcase classname="tests.test_utils.TestClipboardMonitor" name="test_custom_extensions" time="0.001" /><testcase classname="tests.test_utils.TestClipboardMonitor" name="test_check_text_detects_url" time="0.002" /><testcase classname="tests.test_utils.TestClipboardMonitor" name="test_duplicate_suppression" time="0.002" /><testcase classname="tests.test_utils.TestClipboardMonitor" name="test_async_callback" time="0.003" /><testcase classname="tests.test_utils.TestMediaExtractorCache" name="test_get_info_uses_cache" time="0.004" /><testcase classname="tests.test_utils.TestMediaExtractorCache" name="test_get_info_cache_expiry" time="0.005" /></testsuite></testsuites>